Starting auto simulation for 07001...
Generated 07001_MONITORING_2026-05-06_14-34-07.csv
Generated 07001_WIFI_2026-05-06_14-34-07.csv
Generated 07001_HEALTH_2026-05-06_14-34-07.json
Waiting for next cycle...
Generated 07001_MONITORING_2026-05-06_14-35-07.csv
Generated 07001_WIFI_2026-05-06_14-35-07.csv
Generated 07001_HEALTH_2026-05-06_14-35-07.json
Waiting for next cycle...
Generated 07001_MONITORING_2026-05-06_14-36-07.csv
Generated 07001_WIFI_2026-05-06_14-36-07.csv
Generated 07001_HEALTH_2026-05-06_14-36-07.json
Waiting for next cycle...
Generated 07001_MONITORING_2026-05-06_14-37-07.csv
Generated 07001_WIFI_2026-05-06_14-37-07.csv
Generated 07001_HEALTH_2026-05-06_14-37-07.json
Waiting for next cycle...
Generated 07001_MONITORING_2026-05-06_14-38-07.csv
Generated 07001_WIFI_2026-05-06_14-38-07.csv
Generated 07001_HEALTH_2026-05-06_14-38-07.json
Waiting for next cycle...
Generated 07001_MONITORING_2026-05-06_14-39-07.csv
Generated 07001_WIFI_2026-05-06_14-39-07.csv
Generated 07001_HEALTH_2026-05-06_14-39-07.json
Waiting for next cycle...
Generated 07001_MONITORING_2026-05-06_14-40-07.csv
Generated 07001_WIFI_2026-05-06_14-40-07.csv
Generated 07001_HEALTH_2026-05-06_14-40-07.json
Waiting for next cycle...
Generated 07001_MONITORING_2026-05-06_14-41-07.csv
Generated 07001_WIFI_2026-05-06_14-41-07.csv
Generated 07001_HEALTH_2026-05-06_14-41-07.json
Waiting for next cycle...
Generated 07001_MONITORING_2026-05-06_14-42-07.csv
Generated 07001_WIFI_2026-05-06_14-42-07.csv
Generated 07001_HEALTH_2026-05-06_14-42-08.json
Waiting for next cycle...
Generated 07001_MONITORING_2026-05-06_14-43-08.csv
Generated 07001_WIFI_2026-05-06_14-43-08.csv
Generated 07001_HEALTH_2026-05-06_14-43-08.json
Waiting for next cycle...
Generated 07001_MONITORING_2026-05-06_14-44-08.csv
Generated 07001_WIFI_2026-05-06_14-44-08.csv
Generated 07001_HEALTH_2026-05-06_14-44-08.json
Waiting for next cycle...
Generated 07001_MONITORING_2026-05-06_14-45-08.csv
Generated 07001_WIFI_2026-05-06_14-45-08.csv
Generated 07001_HEALTH_2026-05-06_14-45-08.json
Waiting for next cycle...
Generated 07001_MONITORING_2026-05-06_14-46-08.csv
Generated 07001_WIFI_2026-05-06_14-46-08.csv
Generated 07001_HEALTH_2026-05-06_14-46-08.json
Waiting for next cycle...
Generated 07001_MONITORING_2026-05-06_14-47-08.csv
Generated 07001_WIFI_2026-05-06_14-47-08.csv
Generated 07001_HEALTH_2026-05-06_14-47-08.json
Waiting for next cycle...
Generated 07001_MONITORING_2026-05-06_14-48-08.csv
Generated 07001_WIFI_2026-05-06_14-48-08.csv
Generated 07001_HEALTH_2026-05-06_14-48-08.json
Waiting for next cycle...
Generated 07001_MONITORING_2026-05-06_14-49-08.csv
Generated 07001_WIFI_2026-05-06_14-49-08.csv
Generated 07001_HEALTH_2026-05-06_14-49-08.json
Waiting for next cycle...
Generated 07001_MONITORING_2026-05-06_14-50-09.csv
Generated 07001_WIFI_2026-05-06_14-50-09.csv
Generated 07001_HEALTH_2026-05-06_14-50-09.json
Waiting for next cycle...
Generated 07001_MONITORING_2026-05-06_14-51-09.csv
Generated 07001_WIFI_2026-05-06_14-51-09.csv
Generated 07001_HEALTH_2026-05-06_14-51-10.json
Waiting for next cycle...
Generated 07001_MONITORING_2026-05-06_14-52-10.csv
Generated 07001_WIFI_2026-05-06_14-52-10.csv
Generated 07001_HEALTH_2026-05-06_14-52-10.json
Waiting for next cycle...
Generated 07001_MONITORING_2026-05-06_14-53-11.csv
Generated 07001_WIFI_2026-05-06_14-53-11.csv
Generated 07001_HEALTH_2026-05-06_14-53-11.json
Waiting for next cycle...
Generated 07001_MONITORING_2026-05-06_14-54-11.csv
Generated 07001_WIFI_2026-05-06_14-54-11.csv
Generated 07001_HEALTH_2026-05-06_14-54-11.json
Waiting for next cycle...
Generated 07001_MONITORING_2026-05-06_14-55-11.csv
Generated 07001_WIFI_2026-05-06_14-55-11.csv
Generated 07001_HEALTH_2026-05-06_14-55-11.json
Waiting for next cycle...
Generated 07001_MONITORING_2026-05-06_14-56-11.csv
Generated 07001_WIFI_2026-05-06_14-56-11.csv
Generated 07001_HEALTH_2026-05-06_14-56-11.json
Waiting for next cycle...
Generated 07001_MONITORING_2026-05-06_14-57-12.csv
Generated 07001_WIFI_2026-05-06_14-57-12.csv
Generated 07001_HEALTH_2026-05-06_14-57-12.json
Waiting for next cycle...
Generated 07001_MONITORING_2026-05-06_14-58-12.csv
Generated 07001_WIFI_2026-05-06_14-58-12.csv
Generated 07001_HEALTH_2026-05-06_14-58-12.json
Waiting for next cycle...
Generated 07001_MONITORING_2026-05-06_14-59-12.csv
Generated 07001_WIFI_2026-05-06_14-59-12.csv
Generated 07001_HEALTH_2026-05-06_14-59-12.json
Waiting for next cycle...
Generated 07001_MONITORING_2026-05-06_15-00-12.csv
Generated 07001_WIFI_2026-05-06_15-00-12.csv
Generated 07001_HEALTH_2026-05-06_15-00-12.json
Waiting for next cycle...
Generated 07001_MONITORING_2026-05-06_15-01-12.csv
Generated 07001_WIFI_2026-05-06_15-01-12.csv
Generated 07001_HEALTH_2026-05-06_15-01-12.json
Waiting for next cycle...
Generated 07001_MONITORING_2026-05-06_15-02-12.csv
Generated 07001_WIFI_2026-05-06_15-02-12.csv
Generated 07001_HEALTH_2026-05-06_15-02-12.json
Waiting for next cycle...
Generated 07001_MONITORING_2026-05-06_15-03-12.csv
Generated 07001_WIFI_2026-05-06_15-03-12.csv
Generated 07001_HEALTH_2026-05-06_15-03-12.json
Waiting for next cycle...
Generated 07001_MONITORING_2026-05-06_15-04-12.csv
Generated 07001_WIFI_2026-05-06_15-04-12.csv
Generated 07001_HEALTH_2026-05-06_15-04-12.json
Waiting for next cycle...
Generated 07001_MONITORING_2026-05-06_15-05-12.csv
Generated 07001_WIFI_2026-05-06_15-05-12.csv
Generated 07001_HEALTH_2026-05-06_15-05-12.json
Waiting for next cycle...
Generated 07001_MONITORING_2026-05-06_15-06-12.csv
Generated 07001_WIFI_2026-05-06_15-06-12.csv
Generated 07001_HEALTH_2026-05-06_15-06-12.json
Waiting for next cycle...
Generated 07001_MONITORING_2026-05-06_15-07-12.csv
Generated 07001_WIFI_2026-05-06_15-07-12.csv
Generated 07001_HEALTH_2026-05-06_15-07-12.json
Waiting for next cycle...
Generated 07001_MONITORING_2026-05-06_15-08-12.csv
Generated 07001_WIFI_2026-05-06_15-08-12.csv
Generated 07001_HEALTH_2026-05-06_15-08-12.json
Waiting for next cycle...
Generated 07001_MONITORING_2026-05-06_15-09-12.csv
Generated 07001_WIFI_2026-05-06_15-09-12.csv
Generated 07001_HEALTH_2026-05-06_15-09-12.json
Waiting for next cycle...
Generated 07001_MONITORING_2026-05-06_15-10-12.csv
Generated 07001_WIFI_2026-05-06_15-10-12.csv
Generated 07001_HEALTH_2026-05-06_15-10-12.json
Waiting for next cycle...
Generated 07001_MONITORING_2026-05-06_15-11-12.csv
Generated 07001_WIFI_2026-05-06_15-11-12.csv
Generated 07001_HEALTH_2026-05-06_15-11-12.json
Waiting for next cycle...
Generated 07001_MONITORING_2026-05-06_15-12-12.csv
Generated 07001_WIFI_2026-05-06_15-12-12.csv
Generated 07001_HEALTH_2026-05-06_15-12-12.json
Waiting for next cycle...
Generated 07001_MONITORING_2026-05-06_15-13-12.csv
Generated 07001_WIFI_2026-05-06_15-13-12.csv
Generated 07001_HEALTH_2026-05-06_15-13-12.json
Waiting for next cycle...
Generated 07001_MONITORING_2026-05-06_15-14-12.csv
Generated 07001_WIFI_2026-05-06_15-14-12.csv
Generated 07001_HEALTH_2026-05-06_15-14-12.json
Waiting for next cycle...
Generated 07001_MONITORING_2026-05-06_15-15-12.csv
Generated 07001_WIFI_2026-05-06_15-15-12.csv
Generated 07001_HEALTH_2026-05-06_15-15-12.json
Waiting for next cycle...
Generated 07001_MONITORING_2026-05-06_15-16-12.csv
Generated 07001_WIFI_2026-05-06_15-16-12.csv
Generated 07001_HEALTH_2026-05-06_15-16-12.json
Waiting for next cycle...
Generated 07001_MONITORING_2026-05-06_15-17-12.csv
Generated 07001_WIFI_2026-05-06_15-17-12.csv
Generated 07001_HEALTH_2026-05-06_15-17-12.json
Waiting for next cycle...
Generated 07001_MONITORING_2026-05-06_15-18-12.csv
Generated 07001_WIFI_2026-05-06_15-18-12.csv
Generated 07001_HEALTH_2026-05-06_15-18-12.json
Waiting for next cycle...
Generated 07001_MONITORING_2026-05-06_15-19-12.csv
Generated 07001_WIFI_2026-05-06_15-19-12.csv
Generated 07001_HEALTH_2026-05-06_15-19-12.json
Waiting for next cycle...
Generated 07001_MONITORING_2026-05-06_15-20-12.csv
Generated 07001_WIFI_2026-05-06_15-20-12.csv
Generated 07001_HEALTH_2026-05-06_15-20-12.json
Waiting for next cycle...
Generated 07001_MONITORING_2026-05-06_15-21-12.csv
Generated 07001_WIFI_2026-05-06_15-21-12.csv
Generated 07001_HEALTH_2026-05-06_15-21-12.json
Waiting for next cycle...
Generated 07001_MONITORING_2026-05-06_15-22-12.csv
Generated 07001_WIFI_2026-05-06_15-22-12.csv
Generated 07001_HEALTH_2026-05-06_15-22-12.json
Waiting for next cycle...
Generated 07001_MONITORING_2026-05-06_15-23-13.csv
Generated 07001_WIFI_2026-05-06_15-23-13.csv
Generated 07001_HEALTH_2026-05-06_15-23-13.json
Waiting for next cycle...
Generated 07001_MONITORING_2026-05-06_15-24-14.csv
Generated 07001_WIFI_2026-05-06_15-24-14.csv
Generated 07001_HEALTH_2026-05-06_15-24-14.json
Waiting for next cycle...
Generated 07001_MONITORING_2026-05-06_15-25-15.csv
Generated 07001_WIFI_2026-05-06_15-25-15.csv
Generated 07001_HEALTH_2026-05-06_15-25-15.json
Waiting for next cycle...
Generated 07001_MONITORING_2026-05-06_15-26-16.csv
Generated 07001_WIFI_2026-05-06_15-26-17.csv
Generated 07001_HEALTH_2026-05-06_15-26-17.json
Waiting for next cycle...
Generated 07001_MONITORING_2026-05-06_15-27-20.csv
Generated 07001_WIFI_2026-05-06_15-27-20.csv
Generated 07001_HEALTH_2026-05-06_15-27-20.json
Waiting for next cycle...
Generated 07001_MONITORING_2026-05-06_15-28-23.csv
Generated 07001_WIFI_2026-05-06_15-28-24.csv
Generated 07001_HEALTH_2026-05-06_15-28-24.json
Waiting for next cycle...
Generated 07001_MONITORING_2026-05-06_15-29-25.csv
Generated 07001_WIFI_2026-05-06_15-29-25.csv
Generated 07001_HEALTH_2026-05-06_15-29-25.json
Waiting for next cycle...
Generated 07001_MONITORING_2026-05-06_15-30-25.csv
Generated 07001_WIFI_2026-05-06_15-30-25.csv
Generated 07001_HEALTH_2026-05-06_15-30-25.json
Waiting for next cycle...
Generated 07001_MONITORING_2026-05-06_15-31-25.csv
Generated 07001_WIFI_2026-05-06_15-31-25.csv
Generated 07001_HEALTH_2026-05-06_15-31-25.json
Waiting for next cycle...
Generated 07001_MONITORING_2026-05-06_15-32-25.csv
Generated 07001_WIFI_2026-05-06_15-32-25.csv
Generated 07001_HEALTH_2026-05-06_15-32-25.json
Waiting for next cycle...
Generated 07001_MONITORING_2026-05-06_15-33-25.csv
Generated 07001_WIFI_2026-05-06_15-33-25.csv
Generated 07001_HEALTH_2026-05-06_15-33-25.json
Waiting for next cycle...
Generated 07001_MONITORING_2026-05-06_15-34-25.csv
Generated 07001_WIFI_2026-05-06_15-34-25.csv
Generated 07001_HEALTH_2026-05-06_15-34-25.json
Waiting for next cycle...
Generated 07001_MONITORING_2026-05-06_15-35-26.csv
Generated 07001_WIFI_2026-05-06_15-35-26.csv
Generated 07001_HEALTH_2026-05-06_15-35-26.json
Waiting for next cycle...
Generated 07001_MONITORING_2026-05-06_15-36-26.csv
Generated 07001_WIFI_2026-05-06_15-36-26.csv
Generated 07001_HEALTH_2026-05-06_15-36-26.json
Waiting for next cycle...
Generated 07001_MONITORING_2026-05-06_15-37-26.csv
Generated 07001_WIFI_2026-05-06_15-37-26.csv
Generated 07001_HEALTH_2026-05-06_15-37-26.json
Waiting for next cycle...
Generated 07001_MONITORING_2026-05-06_15-38-26.csv
Generated 07001_WIFI_2026-05-06_15-38-26.csv
Generated 07001_HEALTH_2026-05-06_15-38-26.json
Waiting for next cycle...
Generated 07001_MONITORING_2026-05-06_15-39-26.csv
Generated 07001_WIFI_2026-05-06_15-39-26.csv
Generated 07001_HEALTH_2026-05-06_15-39-26.json
Waiting for next cycle...
Generated 07001_MONITORING_2026-05-06_15-40-26.csv
Generated 07001_WIFI_2026-05-06_15-40-26.csv
Generated 07001_HEALTH_2026-05-06_15-40-26.json
Waiting for next cycle...
Generated 07001_MONITORING_2026-05-06_15-41-26.csv
Generated 07001_WIFI_2026-05-06_15-41-26.csv
Generated 07001_HEALTH_2026-05-06_15-41-26.json
Waiting for next cycle...
Generated 07001_MONITORING_2026-05-06_15-42-26.csv
Generated 07001_WIFI_2026-05-06_15-42-26.csv
Generated 07001_HEALTH_2026-05-06_15-42-26.json
Waiting for next cycle...
Generated 07001_MONITORING_2026-05-06_15-43-26.csv
Generated 07001_WIFI_2026-05-06_15-43-26.csv
Generated 07001_HEALTH_2026-05-06_15-43-26.json
Waiting for next cycle...
Generated 07001_MONITORING_2026-05-06_15-44-26.csv
Generated 07001_WIFI_2026-05-06_15-44-26.csv
Generated 07001_HEALTH_2026-05-06_15-44-26.json
Waiting for next cycle...
Generated 07001_MONITORING_2026-05-06_15-45-26.csv
Generated 07001_WIFI_2026-05-06_15-45-26.csv
Generated 07001_HEALTH_2026-05-06_15-45-26.json
Waiting for next cycle...
Generated 07001_MONITORING_2026-05-06_15-46-26.csv
Generated 07001_WIFI_2026-05-06_15-46-26.csv
Generated 07001_HEALTH_2026-05-06_15-46-26.json
Waiting for next cycle...
Generated 07001_MONITORING_2026-05-06_15-47-26.csv
Generated 07001_WIFI_2026-05-06_15-47-26.csv
Generated 07001_HEALTH_2026-05-06_15-47-26.json
Waiting for next cycle...
Generated 07001_MONITORING_2026-05-06_15-48-26.csv
Generated 07001_WIFI_2026-05-06_15-48-26.csv
Generated 07001_HEALTH_2026-05-06_15-48-26.json
Waiting for next cycle...
Generated 07001_MONITORING_2026-05-06_15-49-26.csv
Generated 07001_WIFI_2026-05-06_15-49-26.csv
Generated 07001_HEALTH_2026-05-06_15-49-26.json
Waiting for next cycle...
Generated 07001_MONITORING_2026-05-06_15-50-26.csv
Generated 07001_WIFI_2026-05-06_15-50-26.csv
Generated 07001_HEALTH_2026-05-06_15-50-26.json
Waiting for next cycle...
Generated 07001_MONITORING_2026-05-06_15-51-26.csv
Generated 07001_WIFI_2026-05-06_15-51-26.csv
Generated 07001_HEALTH_2026-05-06_15-51-26.json
Waiting for next cycle...
Generated 07001_MONITORING_2026-05-06_15-52-26.csv
Generated 07001_WIFI_2026-05-06_15-52-26.csv
Generated 07001_HEALTH_2026-05-06_15-52-26.json
Waiting for next cycle...
Generated 07001_MONITORING_2026-05-06_15-53-26.csv
Generated 07001_WIFI_2026-05-06_15-53-26.csv
Generated 07001_HEALTH_2026-05-06_15-53-26.json
Waiting for next cycle...
Generated 07001_MONITORING_2026-05-06_15-54-26.csv
Generated 07001_WIFI_2026-05-06_15-54-26.csv
Generated 07001_HEALTH_2026-05-06_15-54-26.json
Waiting for next cycle...
Generated 07001_MONITORING_2026-05-06_15-55-26.csv
Generated 07001_WIFI_2026-05-06_15-55-26.csv
Generated 07001_HEALTH_2026-05-06_15-55-26.json
Waiting for next cycle...
Generated 07001_MONITORING_2026-05-06_15-56-26.csv
Generated 07001_WIFI_2026-05-06_15-56-26.csv
Generated 07001_HEALTH_2026-05-06_15-56-26.json
Waiting for next cycle...
Generated 07001_MONITORING_2026-05-06_15-57-26.csv
Generated 07001_WIFI_2026-05-06_15-57-26.csv
Generated 07001_HEALTH_2026-05-06_15-57-26.json
Waiting for next cycle...
Generated 07001_MONITORING_2026-05-06_15-58-26.csv
Generated 07001_WIFI_2026-05-06_15-58-26.csv
Generated 07001_HEALTH_2026-05-06_15-58-26.json
Waiting for next cycle...
Generated 07001_MONITORING_2026-05-06_15-59-26.csv
Generated 07001_WIFI_2026-05-06_15-59-26.csv
Generated 07001_HEALTH_2026-05-06_15-59-26.json
Waiting for next cycle...
Generated 07001_MONITORING_2026-05-06_16-00-26.csv
Generated 07001_WIFI_2026-05-06_16-00-26.csv
Generated 07001_HEALTH_2026-05-06_16-00-26.json
Waiting for next cycle...
Generated 07001_MONITORING_2026-05-06_16-01-27.csv
Generated 07001_WIFI_2026-05-06_16-01-27.csv
Generated 07001_HEALTH_2026-05-06_16-01-27.json
Waiting for next cycle...
Generated 07001_MONITORING_2026-05-06_16-02-27.csv
Generated 07001_WIFI_2026-05-06_16-02-27.csv
Generated 07001_HEALTH_2026-05-06_16-02-27.json
Waiting for next cycle...
Generated 07001_MONITORING_2026-05-06_16-03-27.csv
Generated 07001_WIFI_2026-05-06_16-03-27.csv
Generated 07001_HEALTH_2026-05-06_16-03-27.json
Waiting for next cycle...
Generated 07001_MONITORING_2026-05-06_16-04-27.csv
Generated 07001_WIFI_2026-05-06_16-04-27.csv
Generated 07001_HEALTH_2026-05-06_16-04-27.json
Waiting for next cycle...
Generated 07001_MONITORING_2026-05-06_16-05-27.csv
Generated 07001_WIFI_2026-05-06_16-05-27.csv
Generated 07001_HEALTH_2026-05-06_16-05-27.json
Waiting for next cycle...
Generated 07001_MONITORING_2026-05-06_16-06-27.csv
Generated 07001_WIFI_2026-05-06_16-06-27.csv
Generated 07001_HEALTH_2026-05-06_16-06-27.json
Waiting for next cycle...
Generated 07001_MONITORING_2026-05-06_16-07-27.csv
Generated 07001_WIFI_2026-05-06_16-07-27.csv
Generated 07001_HEALTH_2026-05-06_16-07-27.json
Waiting for next cycle...
Generated 07001_MONITORING_2026-05-06_16-08-27.csv
Generated 07001_WIFI_2026-05-06_16-08-27.csv
Generated 07001_HEALTH_2026-05-06_16-08-27.json
Waiting for next cycle...
Generated 07001_MONITORING_2026-05-06_16-09-27.csv
Generated 07001_WIFI_2026-05-06_16-09-27.csv
Generated 07001_HEALTH_2026-05-06_16-09-27.json
Waiting for next cycle...
Generated 07001_MONITORING_2026-05-06_16-10-27.csv
Generated 07001_WIFI_2026-05-06_16-10-27.csv
Generated 07001_HEALTH_2026-05-06_16-10-27.json
Waiting for next cycle...
Generated 07001_MONITORING_2026-05-06_16-11-27.csv
Generated 07001_WIFI_2026-05-06_16-11-27.csv
Generated 07001_HEALTH_2026-05-06_16-11-27.json
Waiting for next cycle...
Generated 07001_MONITORING_2026-05-06_16-12-27.csv
Generated 07001_WIFI_2026-05-06_16-12-27.csv
Generated 07001_HEALTH_2026-05-06_16-12-27.json
Waiting for next cycle...
Generated 07001_MONITORING_2026-05-06_16-13-27.csv
Generated 07001_WIFI_2026-05-06_16-13-27.csv
Generated 07001_HEALTH_2026-05-06_16-13-27.json
Waiting for next cycle...
Generated 07001_MONITORING_2026-05-06_16-14-27.csv
Generated 07001_WIFI_2026-05-06_16-14-27.csv
Generated 07001_HEALTH_2026-05-06_16-14-27.json
Waiting for next cycle...
Generated 07001_MONITORING_2026-05-06_16-15-27.csv
Generated 07001_WIFI_2026-05-06_16-15-27.csv
Generated 07001_HEALTH_2026-05-06_16-15-27.json
Waiting for next cycle...
Generated 07001_MONITORING_2026-05-06_16-16-27.csv
Generated 07001_WIFI_2026-05-06_16-16-27.csv
Generated 07001_HEALTH_2026-05-06_16-16-27.json
Waiting for next cycle...
Generated 07001_MONITORING_2026-05-06_16-17-27.csv
Generated 07001_WIFI_2026-05-06_16-17-27.csv
Generated 07001_HEALTH_2026-05-06_16-17-27.json
Waiting for next cycle...
Generated 07001_MONITORING_2026-05-06_16-18-27.csv
Generated 07001_WIFI_2026-05-06_16-18-27.csv
Generated 07001_HEALTH_2026-05-06_16-18-27.json
Waiting for next cycle...
Generated 07001_MONITORING_2026-05-06_16-19-27.csv
Generated 07001_WIFI_2026-05-06_16-19-27.csv
Generated 07001_HEALTH_2026-05-06_16-19-27.json
Waiting for next cycle...
Generated 07001_MONITORING_2026-05-06_16-20-27.csv
Generated 07001_WIFI_2026-05-06_16-20-27.csv
Generated 07001_HEALTH_2026-05-06_16-20-27.json
Waiting for next cycle...
Generated 07001_MONITORING_2026-05-06_16-21-27.csv
Generated 07001_WIFI_2026-05-06_16-21-27.csv
Generated 07001_HEALTH_2026-05-06_16-21-27.json
Waiting for next cycle...
Generated 07001_MONITORING_2026-05-06_16-22-27.csv
Generated 07001_WIFI_2026-05-06_16-22-27.csv
Generated 07001_HEALTH_2026-05-06_16-22-27.json
Waiting for next cycle...
Generated 07001_MONITORING_2026-05-06_16-23-27.csv
Generated 07001_WIFI_2026-05-06_16-23-27.csv
Generated 07001_HEALTH_2026-05-06_16-23-27.json
Waiting for next cycle...
Generated 07001_MONITORING_2026-05-06_16-24-27.csv
Generated 07001_WIFI_2026-05-06_16-24-27.csv
Generated 07001_HEALTH_2026-05-06_16-24-27.json
Waiting for next cycle...
Generated 07001_MONITORING_2026-05-06_16-25-27.csv
Generated 07001_WIFI_2026-05-06_16-25-27.csv
Generated 07001_HEALTH_2026-05-06_16-25-27.json
Waiting for next cycle...
Generated 07001_MONITORING_2026-05-06_16-26-27.csv
Generated 07001_WIFI_2026-05-06_16-26-27.csv
Generated 07001_HEALTH_2026-05-06_16-26-27.json
Waiting for next cycle...
Generated 07001_MONITORING_2026-05-06_16-27-27.csv
Generated 07001_WIFI_2026-05-06_16-27-27.csv
Generated 07001_HEALTH_2026-05-06_16-27-27.json
Waiting for next cycle...
Generated 07001_MONITORING_2026-05-06_16-28-27.csv
Generated 07001_WIFI_2026-05-06_16-28-27.csv
Generated 07001_HEALTH_2026-05-06_16-28-27.json
Waiting for next cycle...
Generated 07001_MONITORING_2026-05-06_16-29-27.csv
Generated 07001_WIFI_2026-05-06_16-29-27.csv
Generated 07001_HEALTH_2026-05-06_16-29-27.json
Waiting for next cycle...
Generated 07001_MONITORING_2026-05-06_16-30-27.csv
Generated 07001_WIFI_2026-05-06_16-30-27.csv
Generated 07001_HEALTH_2026-05-06_16-30-27.json
Waiting for next cycle...
Generated 07001_MONITORING_2026-05-06_16-31-27.csv
Generated 07001_WIFI_2026-05-06_16-31-27.csv
Generated 07001_HEALTH_2026-05-06_16-31-27.json
Waiting for next cycle...
Generated 07001_MONITORING_2026-05-06_16-32-27.csv
Generated 07001_WIFI_2026-05-06_16-32-27.csv
Generated 07001_HEALTH_2026-05-06_16-32-27.json
Waiting for next cycle...
Generated 07001_MONITORING_2026-05-06_16-33-27.csv
Generated 07001_WIFI_2026-05-06_16-33-27.csv
Generated 07001_HEALTH_2026-05-06_16-33-27.json
Waiting for next cycle...
Generated 07001_MONITORING_2026-05-06_16-34-27.csv
Generated 07001_WIFI_2026-05-06_16-34-27.csv
Generated 07001_HEALTH_2026-05-06_16-34-27.json
Waiting for next cycle...
Generated 07001_MONITORING_2026-05-06_16-35-27.csv
Generated 07001_WIFI_2026-05-06_16-35-27.csv
Generated 07001_HEALTH_2026-05-06_16-35-27.json
Waiting for next cycle...
Generated 07001_MONITORING_2026-05-06_16-36-27.csv
Generated 07001_WIFI_2026-05-06_16-36-27.csv
Generated 07001_HEALTH_2026-05-06_16-36-27.json
Waiting for next cycle...
Generated 07001_MONITORING_2026-05-06_16-37-27.csv
Generated 07001_WIFI_2026-05-06_16-37-27.csv
Generated 07001_HEALTH_2026-05-06_16-37-27.json
Waiting for next cycle...
Generated 07001_MONITORING_2026-05-06_16-38-27.csv
Generated 07001_WIFI_2026-05-06_16-38-27.csv
Generated 07001_HEALTH_2026-05-06_16-38-27.json
Waiting for next cycle...
Generated 07001_MONITORING_2026-05-06_16-39-27.csv
Generated 07001_WIFI_2026-05-06_16-39-27.csv
Generated 07001_HEALTH_2026-05-06_16-39-27.json
Waiting for next cycle...
Generated 07001_MONITORING_2026-05-06_16-40-27.csv
Generated 07001_WIFI_2026-05-06_16-40-27.csv
Generated 07001_HEALTH_2026-05-06_16-40-27.json
Waiting for next cycle...
Generated 07001_MONITORING_2026-05-06_16-41-27.csv
Generated 07001_WIFI_2026-05-06_16-41-27.csv
Generated 07001_HEALTH_2026-05-06_16-41-27.json
Waiting for next cycle...
Generated 07001_MONITORING_2026-05-06_16-42-27.csv
Generated 07001_WIFI_2026-05-06_16-42-27.csv
Generated 07001_HEALTH_2026-05-06_16-42-27.json
Waiting for next cycle...
Generated 07001_MONITORING_2026-05-06_16-43-27.csv
Generated 07001_WIFI_2026-05-06_16-43-27.csv
Generated 07001_HEALTH_2026-05-06_16-43-27.json
Waiting for next cycle...
Generated 07001_MONITORING_2026-05-06_16-44-27.csv
Generated 07001_WIFI_2026-05-06_16-44-27.csv
Generated 07001_HEALTH_2026-05-06_16-44-27.json
Waiting for next cycle...
Generated 07001_MONITORING_2026-05-06_16-45-27.csv
Generated 07001_WIFI_2026-05-06_16-45-27.csv
Generated 07001_HEALTH_2026-05-06_16-45-27.json
Waiting for next cycle...
Generated 07001_MONITORING_2026-05-06_16-46-27.csv
Generated 07001_WIFI_2026-05-06_16-46-27.csv
Generated 07001_HEALTH_2026-05-06_16-46-27.json
Waiting for next cycle...
Generated 07001_MONITORING_2026-05-06_16-47-27.csv
Generated 07001_WIFI_2026-05-06_16-47-27.csv
Generated 07001_HEALTH_2026-05-06_16-47-27.json
Waiting for next cycle...
Generated 07001_MONITORING_2026-05-06_16-48-27.csv
Generated 07001_WIFI_2026-05-06_16-48-27.csv
Generated 07001_HEALTH_2026-05-06_16-48-27.json
Waiting for next cycle...
Generated 07001_MONITORING_2026-05-06_16-49-27.csv
Generated 07001_WIFI_2026-05-06_16-49-27.csv
Generated 07001_HEALTH_2026-05-06_16-49-27.json
Waiting for next cycle...
Generated 07001_MONITORING_2026-05-06_16-50-27.csv
Generated 07001_WIFI_2026-05-06_16-50-27.csv
Generated 07001_HEALTH_2026-05-06_16-50-27.json
Waiting for next cycle...
Generated 07001_MONITORING_2026-05-06_16-51-27.csv
Generated 07001_WIFI_2026-05-06_16-51-27.csv
Generated 07001_HEALTH_2026-05-06_16-51-27.json
Waiting for next cycle...
Generated 07001_MONITORING_2026-05-06_16-52-27.csv
Generated 07001_WIFI_2026-05-06_16-52-27.csv
Generated 07001_HEALTH_2026-05-06_16-52-27.json
Waiting for next cycle...
Generated 07001_MONITORING_2026-05-06_16-53-27.csv
Generated 07001_WIFI_2026-05-06_16-53-27.csv
Generated 07001_HEALTH_2026-05-06_16-53-27.json
Waiting for next cycle...
Generated 07001_MONITORING_2026-05-06_16-54-27.csv
Generated 07001_WIFI_2026-05-06_16-54-27.csv
Generated 07001_HEALTH_2026-05-06_16-54-27.json
Waiting for next cycle...
Generated 07001_MONITORING_2026-05-06_16-55-27.csv
Generated 07001_WIFI_2026-05-06_16-55-27.csv
Generated 07001_HEALTH_2026-05-06_16-55-27.json
Waiting for next cycle...
Generated 07001_MONITORING_2026-05-06_16-56-27.csv
Generated 07001_WIFI_2026-05-06_16-56-27.csv
Generated 07001_HEALTH_2026-05-06_16-56-27.json
Waiting for next cycle...
Generated 07001_MONITORING_2026-05-06_16-57-27.csv
Generated 07001_WIFI_2026-05-06_16-57-27.csv
Generated 07001_HEALTH_2026-05-06_16-57-27.json
Waiting for next cycle...
Generated 07001_MONITORING_2026-05-06_16-58-27.csv
Generated 07001_WIFI_2026-05-06_16-58-27.csv
Generated 07001_HEALTH_2026-05-06_16-58-27.json
Waiting for next cycle...
Generated 07001_MONITORING_2026-05-06_16-59-27.csv
Generated 07001_WIFI_2026-05-06_16-59-27.csv
Generated 07001_HEALTH_2026-05-06_16-59-27.json
Waiting for next cycle...
Generated 07001_MONITORING_2026-05-06_17-00-27.csv
Generated 07001_WIFI_2026-05-06_17-00-27.csv
Generated 07001_HEALTH_2026-05-06_17-00-27.json
Waiting for next cycle...
Generated 07001_MONITORING_2026-05-06_17-01-27.csv
Generated 07001_WIFI_2026-05-06_17-01-27.csv
Generated 07001_HEALTH_2026-05-06_17-01-27.json
Waiting for next cycle...
Generated 07001_MONITORING_2026-05-06_17-02-27.csv
Generated 07001_WIFI_2026-05-06_17-02-27.csv
Generated 07001_HEALTH_2026-05-06_17-02-27.json
Waiting for next cycle...
Generated 07001_MONITORING_2026-05-06_17-03-27.csv
Generated 07001_WIFI_2026-05-06_17-03-27.csv
Generated 07001_HEALTH_2026-05-06_17-03-27.json
Waiting for next cycle...
Generated 07001_MONITORING_2026-05-06_17-04-27.csv
Generated 07001_WIFI_2026-05-06_17-04-27.csv
Generated 07001_HEALTH_2026-05-06_17-04-27.json
Waiting for next cycle...
Generated 07001_MONITORING_2026-05-06_17-05-27.csv
Generated 07001_WIFI_2026-05-06_17-05-27.csv
Generated 07001_HEALTH_2026-05-06_17-05-27.json
Waiting for next cycle...
Generated 07001_MONITORING_2026-05-06_17-06-27.csv
Generated 07001_WIFI_2026-05-06_17-06-27.csv
Generated 07001_HEALTH_2026-05-06_17-06-27.json
Waiting for next cycle...
Generated 07001_MONITORING_2026-05-06_17-07-27.csv
Generated 07001_WIFI_2026-05-06_17-07-27.csv
Generated 07001_HEALTH_2026-05-06_17-07-27.json
Waiting for next cycle...
Generated 07001_MONITORING_2026-05-06_17-08-27.csv
Generated 07001_WIFI_2026-05-06_17-08-27.csv
Generated 07001_HEALTH_2026-05-06_17-08-27.json
Waiting for next cycle...
Generated 07001_MONITORING_2026-05-06_17-09-27.csv
Generated 07001_WIFI_2026-05-06_17-09-27.csv
Generated 07001_HEALTH_2026-05-06_17-09-27.json
Waiting for next cycle...
Generated 07001_MONITORING_2026-05-06_17-10-27.csv
Generated 07001_WIFI_2026-05-06_17-10-27.csv
Generated 07001_HEALTH_2026-05-06_17-10-27.json
Waiting for next cycle...
Generated 07001_MONITORING_2026-05-06_17-11-27.csv
Generated 07001_WIFI_2026-05-06_17-11-27.csv
Generated 07001_HEALTH_2026-05-06_17-11-27.json
Waiting for next cycle...
Generated 07001_MONITORING_2026-05-06_17-12-27.csv
Generated 07001_WIFI_2026-05-06_17-12-27.csv
Generated 07001_HEALTH_2026-05-06_17-12-27.json
Waiting for next cycle...
Generated 07001_MONITORING_2026-05-06_17-13-27.csv
Generated 07001_WIFI_2026-05-06_17-13-27.csv
Generated 07001_HEALTH_2026-05-06_17-13-27.json
Waiting for next cycle...
Generated 07001_MONITORING_2026-05-06_17-14-27.csv
Generated 07001_WIFI_2026-05-06_17-14-27.csv
Generated 07001_HEALTH_2026-05-06_17-14-27.json
Waiting for next cycle...
Generated 07001_MONITORING_2026-05-06_17-15-27.csv
Generated 07001_WIFI_2026-05-06_17-15-27.csv
Generated 07001_HEALTH_2026-05-06_17-15-27.json
Waiting for next cycle...
Generated 07001_MONITORING_2026-05-06_17-16-27.csv
Generated 07001_WIFI_2026-05-06_17-16-27.csv
Generated 07001_HEALTH_2026-05-06_17-16-27.json
Waiting for next cycle...
Generated 07001_MONITORING_2026-05-06_17-17-27.csv
Generated 07001_WIFI_2026-05-06_17-17-27.csv
Generated 07001_HEALTH_2026-05-06_17-17-27.json
Waiting for next cycle...
Generated 07001_MONITORING_2026-05-06_17-18-27.csv
Generated 07001_WIFI_2026-05-06_17-18-27.csv
Generated 07001_HEALTH_2026-05-06_17-18-27.json
Waiting for next cycle...
Generated 07001_MONITORING_2026-05-06_17-19-27.csv
Generated 07001_WIFI_2026-05-06_17-19-27.csv
Generated 07001_HEALTH_2026-05-06_17-19-27.json
Waiting for next cycle...
Generated 07001_MONITORING_2026-05-06_17-20-27.csv
Generated 07001_WIFI_2026-05-06_17-20-27.csv
Generated 07001_HEALTH_2026-05-06_17-20-27.json
Waiting for next cycle...
Generated 07001_MONITORING_2026-05-06_17-21-27.csv
Generated 07001_WIFI_2026-05-06_17-21-27.csv
Generated 07001_HEALTH_2026-05-06_17-21-27.json
Waiting for next cycle...
Generated 07001_MONITORING_2026-05-06_17-22-27.csv
Generated 07001_WIFI_2026-05-06_17-22-27.csv
Generated 07001_HEALTH_2026-05-06_17-22-27.json
Waiting for next cycle...
Generated 07001_MONITORING_2026-05-06_17-23-27.csv
Generated 07001_WIFI_2026-05-06_17-23-27.csv
Generated 07001_HEALTH_2026-05-06_17-23-27.json
Waiting for next cycle...
Generated 07001_MONITORING_2026-05-06_17-24-27.csv
Generated 07001_WIFI_2026-05-06_17-24-27.csv
Generated 07001_HEALTH_2026-05-06_17-24-27.json
Waiting for next cycle...
Generated 07001_MONITORING_2026-05-06_17-25-27.csv
Generated 07001_WIFI_2026-05-06_17-25-27.csv
Generated 07001_HEALTH_2026-05-06_17-25-27.json
Waiting for next cycle...
Generated 07001_MONITORING_2026-05-06_17-26-27.csv
Generated 07001_WIFI_2026-05-06_17-26-27.csv
Generated 07001_HEALTH_2026-05-06_17-26-27.json
Waiting for next cycle...
Generated 07001_MONITORING_2026-05-06_17-27-27.csv
Generated 07001_WIFI_2026-05-06_17-27-27.csv
Generated 07001_HEALTH_2026-05-06_17-27-27.json
Waiting for next cycle...
Generated 07001_MONITORING_2026-05-06_17-28-27.csv
Generated 07001_WIFI_2026-05-06_17-28-27.csv
Generated 07001_HEALTH_2026-05-06_17-28-27.json
Waiting for next cycle...
Generated 07001_MONITORING_2026-05-06_17-29-27.csv
Generated 07001_WIFI_2026-05-06_17-29-27.csv
Generated 07001_HEALTH_2026-05-06_17-29-27.json
Waiting for next cycle...
Generated 07001_MONITORING_2026-05-06_17-30-27.csv
Generated 07001_WIFI_2026-05-06_17-30-27.csv
Generated 07001_HEALTH_2026-05-06_17-30-27.json
Waiting for next cycle...
Generated 07001_MONITORING_2026-05-06_17-31-27.csv
Generated 07001_WIFI_2026-05-06_17-31-27.csv
Generated 07001_HEALTH_2026-05-06_17-31-27.json
Waiting for next cycle...
Generated 07001_MONITORING_2026-05-06_17-32-27.csv
Generated 07001_WIFI_2026-05-06_17-32-27.csv
Generated 07001_HEALTH_2026-05-06_17-32-27.json
Waiting for next cycle...
Generated 07001_MONITORING_2026-05-06_17-33-27.csv
Generated 07001_WIFI_2026-05-06_17-33-27.csv
Generated 07001_HEALTH_2026-05-06_17-33-27.json
Waiting for next cycle...
Generated 07001_MONITORING_2026-05-06_17-34-27.csv
Generated 07001_WIFI_2026-05-06_17-34-27.csv
Generated 07001_HEALTH_2026-05-06_17-34-27.json
Waiting for next cycle...
Generated 07001_MONITORING_2026-05-06_17-35-27.csv
Generated 07001_WIFI_2026-05-06_17-35-27.csv
Generated 07001_HEALTH_2026-05-06_17-35-27.json
Waiting for next cycle...
Generated 07001_MONITORING_2026-05-06_17-36-27.csv
Generated 07001_WIFI_2026-05-06_17-36-27.csv
Generated 07001_HEALTH_2026-05-06_17-36-27.json
Waiting for next cycle...
Generated 07001_MONITORING_2026-05-06_17-37-27.csv
Generated 07001_WIFI_2026-05-06_17-37-27.csv
Generated 07001_HEALTH_2026-05-06_17-37-27.json
Waiting for next cycle...
Generated 07001_MONITORING_2026-05-06_17-38-27.csv
Generated 07001_WIFI_2026-05-06_17-38-27.csv
Generated 07001_HEALTH_2026-05-06_17-38-27.json
Waiting for next cycle...
Generated 07001_MONITORING_2026-05-06_17-39-27.csv
Generated 07001_WIFI_2026-05-06_17-39-27.csv
Generated 07001_HEALTH_2026-05-06_17-39-27.json
Waiting for next cycle...
Generated 07001_MONITORING_2026-05-06_17-40-27.csv
Generated 07001_WIFI_2026-05-06_17-40-27.csv
Generated 07001_HEALTH_2026-05-06_17-40-27.json
Waiting for next cycle...
Generated 07001_MONITORING_2026-05-06_17-41-27.csv
Generated 07001_WIFI_2026-05-06_17-41-27.csv
Generated 07001_HEALTH_2026-05-06_17-41-27.json
Waiting for next cycle...
Generated 07001_MONITORING_2026-05-06_17-42-27.csv
Generated 07001_WIFI_2026-05-06_17-42-27.csv
Generated 07001_HEALTH_2026-05-06_17-42-27.json
Waiting for next cycle...
Generated 07001_MONITORING_2026-05-06_17-43-27.csv
Generated 07001_WIFI_2026-05-06_17-43-27.csv
Generated 07001_HEALTH_2026-05-06_17-43-27.json
Waiting for next cycle...
Generated 07001_MONITORING_2026-05-06_17-44-27.csv
Generated 07001_WIFI_2026-05-06_17-44-27.csv
Generated 07001_HEALTH_2026-05-06_17-44-27.json
Waiting for next cycle...
Generated 07001_MONITORING_2026-05-06_17-45-27.csv
Generated 07001_WIFI_2026-05-06_17-45-27.csv
Generated 07001_HEALTH_2026-05-06_17-45-27.json
Waiting for next cycle...
Generated 07001_MONITORING_2026-05-06_17-46-27.csv
Generated 07001_WIFI_2026-05-06_17-46-27.csv
Generated 07001_HEALTH_2026-05-06_17-46-27.json
Waiting for next cycle...
Generated 07001_MONITORING_2026-05-06_17-47-27.csv
Generated 07001_WIFI_2026-05-06_17-47-27.csv
Generated 07001_HEALTH_2026-05-06_17-47-27.json
Waiting for next cycle...
Generated 07001_MONITORING_2026-05-06_17-48-27.csv
Generated 07001_WIFI_2026-05-06_17-48-27.csv
Generated 07001_HEALTH_2026-05-06_17-48-27.json
Waiting for next cycle...
Generated 07001_MONITORING_2026-05-06_17-49-27.csv
Generated 07001_WIFI_2026-05-06_17-49-27.csv
Generated 07001_HEALTH_2026-05-06_17-49-27.json
Waiting for next cycle...
Generated 07001_MONITORING_2026-05-06_17-50-27.csv
Generated 07001_WIFI_2026-05-06_17-50-27.csv
Generated 07001_HEALTH_2026-05-06_17-50-27.json
Waiting for next cycle...
Generated 07001_MONITORING_2026-05-06_17-51-27.csv
Generated 07001_WIFI_2026-05-06_17-51-27.csv
Generated 07001_HEALTH_2026-05-06_17-51-27.json
Waiting for next cycle...
Generated 07001_MONITORING_2026-05-06_17-52-27.csv
Generated 07001_WIFI_2026-05-06_17-52-27.csv
Generated 07001_HEALTH_2026-05-06_17-52-27.json
Waiting for next cycle...
Generated 07001_MONITORING_2026-05-06_17-53-27.csv
Generated 07001_WIFI_2026-05-06_17-53-27.csv
Generated 07001_HEALTH_2026-05-06_17-53-27.json
Waiting for next cycle...
Generated 07001_MONITORING_2026-05-06_17-54-27.csv
Generated 07001_WIFI_2026-05-06_17-54-27.csv
Generated 07001_HEALTH_2026-05-06_17-54-27.json
Waiting for next cycle...
Generated 07001_MONITORING_2026-05-06_17-55-27.csv
Generated 07001_WIFI_2026-05-06_17-55-27.csv
Generated 07001_HEALTH_2026-05-06_17-55-27.json
Waiting for next cycle...
Generated 07001_MONITORING_2026-05-06_17-56-28.csv
Generated 07001_WIFI_2026-05-06_17-56-28.csv
Generated 07001_HEALTH_2026-05-06_17-56-28.json
Waiting for next cycle...
Generated 07001_MONITORING_2026-05-06_17-57-28.csv
Generated 07001_WIFI_2026-05-06_17-57-28.csv
Generated 07001_HEALTH_2026-05-06_17-57-28.json
Waiting for next cycle...
Generated 07001_MONITORING_2026-05-06_17-58-28.csv
Generated 07001_WIFI_2026-05-06_17-58-28.csv
Generated 07001_HEALTH_2026-05-06_17-58-28.json
Waiting for next cycle...
Generated 07001_MONITORING_2026-05-06_17-59-28.csv
Generated 07001_WIFI_2026-05-06_17-59-28.csv
Generated 07001_HEALTH_2026-05-06_17-59-28.json
Waiting for next cycle...
Generated 07001_MONITORING_2026-05-06_18-00-28.csv
Generated 07001_WIFI_2026-05-06_18-00-28.csv
Generated 07001_HEALTH_2026-05-06_18-00-28.json
Waiting for next cycle...
Generated 07001_MONITORING_2026-05-06_18-01-28.csv
Generated 07001_WIFI_2026-05-06_18-01-28.csv
Generated 07001_HEALTH_2026-05-06_18-01-28.json
Waiting for next cycle...
Generated 07001_MONITORING_2026-05-06_18-02-28.csv
Generated 07001_WIFI_2026-05-06_18-02-28.csv
Generated 07001_HEALTH_2026-05-06_18-02-28.json
Waiting for next cycle...
Generated 07001_MONITORING_2026-05-06_18-03-28.csv
Generated 07001_WIFI_2026-05-06_18-03-28.csv
Generated 07001_HEALTH_2026-05-06_18-03-28.json
Waiting for next cycle...
Generated 07001_MONITORING_2026-05-06_18-04-28.csv
Generated 07001_WIFI_2026-05-06_18-04-28.csv
Generated 07001_HEALTH_2026-05-06_18-04-28.json
Waiting for next cycle...
Generated 07001_MONITORING_2026-05-06_18-05-28.csv
Generated 07001_WIFI_2026-05-06_18-05-28.csv
Generated 07001_HEALTH_2026-05-06_18-05-28.json
Waiting for next cycle...
Generated 07001_MONITORING_2026-05-06_18-06-28.csv
Generated 07001_WIFI_2026-05-06_18-06-28.csv
Generated 07001_HEALTH_2026-05-06_18-06-28.json
Waiting for next cycle...
Generated 07001_MONITORING_2026-05-06_18-07-28.csv
Generated 07001_WIFI_2026-05-06_18-07-28.csv
Generated 07001_HEALTH_2026-05-06_18-07-28.json
Waiting for next cycle...
Generated 07001_MONITORING_2026-05-06_18-08-28.csv
Generated 07001_WIFI_2026-05-06_18-08-28.csv
Generated 07001_HEALTH_2026-05-06_18-08-28.json
Waiting for next cycle...
Generated 07001_MONITORING_2026-05-06_18-09-28.csv
Generated 07001_WIFI_2026-05-06_18-09-28.csv
Generated 07001_HEALTH_2026-05-06_18-09-28.json
Waiting for next cycle...
Generated 07001_MONITORING_2026-05-06_18-10-28.csv
Generated 07001_WIFI_2026-05-06_18-10-28.csv
Generated 07001_HEALTH_2026-05-06_18-10-28.json
Waiting for next cycle...
Generated 07001_MONITORING_2026-05-06_18-11-28.csv
Generated 07001_WIFI_2026-05-06_18-11-28.csv
Generated 07001_HEALTH_2026-05-06_18-11-28.json
Waiting for next cycle...
Generated 07001_MONITORING_2026-05-06_18-12-28.csv
Generated 07001_WIFI_2026-05-06_18-12-28.csv
Generated 07001_HEALTH_2026-05-06_18-12-28.json
Waiting for next cycle...
Generated 07001_MONITORING_2026-05-06_18-13-28.csv
Generated 07001_WIFI_2026-05-06_18-13-28.csv
Generated 07001_HEALTH_2026-05-06_18-13-28.json
Waiting for next cycle...
Generated 07001_MONITORING_2026-05-06_18-14-28.csv
Generated 07001_WIFI_2026-05-06_18-14-28.csv
Generated 07001_HEALTH_2026-05-06_18-14-28.json
Waiting for next cycle...
Generated 07001_MONITORING_2026-05-06_18-15-28.csv
Generated 07001_WIFI_2026-05-06_18-15-28.csv
Generated 07001_HEALTH_2026-05-06_18-15-28.json
Waiting for next cycle...
Generated 07001_MONITORING_2026-05-06_18-16-28.csv
Generated 07001_WIFI_2026-05-06_18-16-28.csv
Generated 07001_HEALTH_2026-05-06_18-16-28.json
Waiting for next cycle...
Generated 07001_MONITORING_2026-05-06_18-17-28.csv
Generated 07001_WIFI_2026-05-06_18-17-28.csv
Generated 07001_HEALTH_2026-05-06_18-17-28.json
Waiting for next cycle...
Generated 07001_MONITORING_2026-05-06_18-18-28.csv
Generated 07001_WIFI_2026-05-06_18-18-28.csv
Generated 07001_HEALTH_2026-05-06_18-18-28.json
Waiting for next cycle...
Generated 07001_MONITORING_2026-05-06_18-19-28.csv
Generated 07001_WIFI_2026-05-06_18-19-28.csv
Generated 07001_HEALTH_2026-05-06_18-19-28.json
Waiting for next cycle...
Generated 07001_MONITORING_2026-05-06_18-20-28.csv
Generated 07001_WIFI_2026-05-06_18-20-28.csv
Generated 07001_HEALTH_2026-05-06_18-20-28.json
Waiting for next cycle...
Generated 07001_MONITORING_2026-05-06_18-21-28.csv
Generated 07001_WIFI_2026-05-06_18-21-28.csv
Generated 07001_HEALTH_2026-05-06_18-21-28.json
Waiting for next cycle...
Generated 07001_MONITORING_2026-05-06_18-22-28.csv
Generated 07001_WIFI_2026-05-06_18-22-28.csv
Generated 07001_HEALTH_2026-05-06_18-22-28.json
Waiting for next cycle...
Generated 07001_MONITORING_2026-05-06_18-23-28.csv
Generated 07001_WIFI_2026-05-06_18-23-28.csv
Generated 07001_HEALTH_2026-05-06_18-23-28.json
Waiting for next cycle...
Generated 07001_MONITORING_2026-05-06_18-24-28.csv
Generated 07001_WIFI_2026-05-06_18-24-28.csv
Generated 07001_HEALTH_2026-05-06_18-24-28.json
Waiting for next cycle...
Generated 07001_MONITORING_2026-05-06_18-25-28.csv
Generated 07001_WIFI_2026-05-06_18-25-28.csv
Generated 07001_HEALTH_2026-05-06_18-25-28.json
Waiting for next cycle...
Generated 07001_MONITORING_2026-05-06_18-26-28.csv
Generated 07001_WIFI_2026-05-06_18-26-28.csv
Generated 07001_HEALTH_2026-05-06_18-26-28.json
Waiting for next cycle...
Generated 07001_MONITORING_2026-05-06_18-27-28.csv
Generated 07001_WIFI_2026-05-06_18-27-28.csv
Generated 07001_HEALTH_2026-05-06_18-27-28.json
Waiting for next cycle...
Generated 07001_MONITORING_2026-05-06_18-28-28.csv
Generated 07001_WIFI_2026-05-06_18-28-28.csv
Generated 07001_HEALTH_2026-05-06_18-28-28.json
Waiting for next cycle...
Generated 07001_MONITORING_2026-05-06_18-29-28.csv
Generated 07001_WIFI_2026-05-06_18-29-28.csv
Generated 07001_HEALTH_2026-05-06_18-29-28.json
Waiting for next cycle...
Generated 07001_MONITORING_2026-05-06_18-30-28.csv
Generated 07001_WIFI_2026-05-06_18-30-28.csv
Generated 07001_HEALTH_2026-05-06_18-30-28.json
Waiting for next cycle...
Generated 07001_MONITORING_2026-05-06_18-31-28.csv
Generated 07001_WIFI_2026-05-06_18-31-28.csv
Generated 07001_HEALTH_2026-05-06_18-31-28.json
Waiting for next cycle...
Generated 07001_MONITORING_2026-05-06_18-32-28.csv
Generated 07001_WIFI_2026-05-06_18-32-28.csv
Generated 07001_HEALTH_2026-05-06_18-32-28.json
Waiting for next cycle...
Generated 07001_MONITORING_2026-05-06_18-33-28.csv
Generated 07001_WIFI_2026-05-06_18-33-28.csv
Generated 07001_HEALTH_2026-05-06_18-33-28.json
Waiting for next cycle...
Generated 07001_MONITORING_2026-05-06_18-34-28.csv
Generated 07001_WIFI_2026-05-06_18-34-28.csv
Generated 07001_HEALTH_2026-05-06_18-34-28.json
Waiting for next cycle...
Generated 07001_MONITORING_2026-05-06_18-35-28.csv
Generated 07001_WIFI_2026-05-06_18-35-28.csv
Generated 07001_HEALTH_2026-05-06_18-35-28.json
Waiting for next cycle...
Generated 07001_MONITORING_2026-05-06_18-36-28.csv
Generated 07001_WIFI_2026-05-06_18-36-28.csv
Generated 07001_HEALTH_2026-05-06_18-36-28.json
Waiting for next cycle...
Generated 07001_MONITORING_2026-05-06_18-37-28.csv
Generated 07001_WIFI_2026-05-06_18-37-29.csv
Generated 07001_HEALTH_2026-05-06_18-37-29.json
Waiting for next cycle...
Generated 07001_MONITORING_2026-05-06_18-38-29.csv
Generated 07001_WIFI_2026-05-06_18-38-29.csv
Generated 07001_HEALTH_2026-05-06_18-38-29.json
Waiting for next cycle...
Generated 07001_MONITORING_2026-05-06_18-39-29.csv
Generated 07001_WIFI_2026-05-06_18-39-29.csv
Generated 07001_HEALTH_2026-05-06_18-39-29.json
Waiting for next cycle...
Generated 07001_MONITORING_2026-05-06_18-40-29.csv
Generated 07001_WIFI_2026-05-06_18-40-29.csv
Generated 07001_HEALTH_2026-05-06_18-40-29.json
Waiting for next cycle...
Generated 07001_MONITORING_2026-05-06_18-41-29.csv
Generated 07001_WIFI_2026-05-06_18-41-29.csv
Generated 07001_HEALTH_2026-05-06_18-41-29.json
Waiting for next cycle...
Generated 07001_MONITORING_2026-05-06_18-42-29.csv
Generated 07001_WIFI_2026-05-06_18-42-29.csv
Generated 07001_HEALTH_2026-05-06_18-42-29.json
Waiting for next cycle...
Generated 07001_MONITORING_2026-05-06_18-43-29.csv
Generated 07001_WIFI_2026-05-06_18-43-29.csv
Generated 07001_HEALTH_2026-05-06_18-43-29.json
Waiting for next cycle...
Generated 07001_MONITORING_2026-05-06_18-44-29.csv
Generated 07001_WIFI_2026-05-06_18-44-29.csv
Generated 07001_HEALTH_2026-05-06_18-44-29.json
Waiting for next cycle...
Generated 07001_MONITORING_2026-05-06_18-45-29.csv
Generated 07001_WIFI_2026-05-06_18-45-29.csv
Generated 07001_HEALTH_2026-05-06_18-45-29.json
Waiting for next cycle...
Generated 07001_MONITORING_2026-05-06_18-46-29.csv
Generated 07001_WIFI_2026-05-06_18-46-29.csv
Generated 07001_HEALTH_2026-05-06_18-46-29.json
Waiting for next cycle...
Generated 07001_MONITORING_2026-05-06_18-47-29.csv
Generated 07001_WIFI_2026-05-06_18-47-29.csv
Generated 07001_HEALTH_2026-05-06_18-47-29.json
Waiting for next cycle...
Generated 07001_MONITORING_2026-05-06_18-48-29.csv
Generated 07001_WIFI_2026-05-06_18-48-29.csv
Generated 07001_HEALTH_2026-05-06_18-48-29.json
Waiting for next cycle...
Generated 07001_MONITORING_2026-05-06_18-49-29.csv
Generated 07001_WIFI_2026-05-06_18-49-29.csv
Generated 07001_HEALTH_2026-05-06_18-49-29.json
Waiting for next cycle...
Generated 07001_MONITORING_2026-05-06_18-50-29.csv
Generated 07001_WIFI_2026-05-06_18-50-29.csv
Generated 07001_HEALTH_2026-05-06_18-50-29.json
Waiting for next cycle...
Generated 07001_MONITORING_2026-05-06_18-51-29.csv
Generated 07001_WIFI_2026-05-06_18-51-29.csv
Generated 07001_HEALTH_2026-05-06_18-51-29.json
Waiting for next cycle...
Generated 07001_MONITORING_2026-05-06_18-52-29.csv
Generated 07001_WIFI_2026-05-06_18-52-29.csv
Generated 07001_HEALTH_2026-05-06_18-52-29.json
Waiting for next cycle...
Generated 07001_MONITORING_2026-05-06_18-53-29.csv
Generated 07001_WIFI_2026-05-06_18-53-29.csv
Generated 07001_HEALTH_2026-05-06_18-53-29.json
Waiting for next cycle...
Generated 07001_MONITORING_2026-05-06_18-54-29.csv
Generated 07001_WIFI_2026-05-06_18-54-29.csv
Generated 07001_HEALTH_2026-05-06_18-54-29.json
Waiting for next cycle...
Generated 07001_MONITORING_2026-05-06_18-55-29.csv
Generated 07001_WIFI_2026-05-06_18-55-29.csv
Generated 07001_HEALTH_2026-05-06_18-55-29.json
Waiting for next cycle...
Generated 07001_MONITORING_2026-05-06_18-56-29.csv
Generated 07001_WIFI_2026-05-06_18-56-29.csv
Generated 07001_HEALTH_2026-05-06_18-56-29.json
Waiting for next cycle...
Generated 07001_MONITORING_2026-05-06_18-57-29.csv
Generated 07001_WIFI_2026-05-06_18-57-29.csv
Generated 07001_HEALTH_2026-05-06_18-57-29.json
Waiting for next cycle...
Generated 07001_MONITORING_2026-05-06_18-58-29.csv
Generated 07001_WIFI_2026-05-06_18-58-29.csv
Generated 07001_HEALTH_2026-05-06_18-58-29.json
Waiting for next cycle...
Generated 07001_MONITORING_2026-05-06_18-59-29.csv
Generated 07001_WIFI_2026-05-06_18-59-29.csv
Generated 07001_HEALTH_2026-05-06_18-59-29.json
Waiting for next cycle...
Generated 07001_MONITORING_2026-05-06_19-00-29.csv
Generated 07001_WIFI_2026-05-06_19-00-29.csv
Generated 07001_HEALTH_2026-05-06_19-00-29.json
Waiting for next cycle...
Generated 07001_MONITORING_2026-05-06_19-01-29.csv
Generated 07001_WIFI_2026-05-06_19-01-29.csv
Generated 07001_HEALTH_2026-05-06_19-01-29.json
Waiting for next cycle...
Generated 07001_MONITORING_2026-05-06_19-02-29.csv
Generated 07001_WIFI_2026-05-06_19-02-29.csv
Generated 07001_HEALTH_2026-05-06_19-02-29.json
Waiting for next cycle...
Generated 07001_MONITORING_2026-05-06_19-03-29.csv
Generated 07001_WIFI_2026-05-06_19-03-29.csv
Generated 07001_HEALTH_2026-05-06_19-03-29.json
Waiting for next cycle...
Generated 07001_MONITORING_2026-05-06_19-04-29.csv
Generated 07001_WIFI_2026-05-06_19-04-29.csv
Generated 07001_HEALTH_2026-05-06_19-04-29.json
Waiting for next cycle...
Generated 07001_MONITORING_2026-05-06_19-05-29.csv
Generated 07001_WIFI_2026-05-06_19-05-29.csv
Generated 07001_HEALTH_2026-05-06_19-05-29.json
Waiting for next cycle...
Generated 07001_MONITORING_2026-05-06_19-06-29.csv
Generated 07001_WIFI_2026-05-06_19-06-29.csv
Generated 07001_HEALTH_2026-05-06_19-06-29.json
Waiting for next cycle...
Generated 07001_MONITORING_2026-05-06_19-07-29.csv
Generated 07001_WIFI_2026-05-06_19-07-29.csv
Generated 07001_HEALTH_2026-05-06_19-07-29.json
Waiting for next cycle...
Generated 07001_MONITORING_2026-05-06_19-08-29.csv
Generated 07001_WIFI_2026-05-06_19-08-29.csv
Generated 07001_HEALTH_2026-05-06_19-08-29.json
Waiting for next cycle...
Generated 07001_MONITORING_2026-05-06_19-09-29.csv
Generated 07001_WIFI_2026-05-06_19-09-29.csv
Generated 07001_HEALTH_2026-05-06_19-09-29.json
Waiting for next cycle...
Generated 07001_MONITORING_2026-05-06_19-10-29.csv
Generated 07001_WIFI_2026-05-06_19-10-29.csv
Generated 07001_HEALTH_2026-05-06_19-10-29.json
Waiting for next cycle...
Generated 07001_MONITORING_2026-05-06_19-11-29.csv
Generated 07001_WIFI_2026-05-06_19-11-29.csv
Generated 07001_HEALTH_2026-05-06_19-11-29.json
Waiting for next cycle...
Generated 07001_MONITORING_2026-05-06_19-12-29.csv
Generated 07001_WIFI_2026-05-06_19-12-29.csv
Generated 07001_HEALTH_2026-05-06_19-12-29.json
Waiting for next cycle...
Generated 07001_MONITORING_2026-05-06_19-13-29.csv
Generated 07001_WIFI_2026-05-06_19-13-29.csv
Generated 07001_HEALTH_2026-05-06_19-13-29.json
Waiting for next cycle...
Generated 07001_MONITORING_2026-05-06_19-14-29.csv
Generated 07001_WIFI_2026-05-06_19-14-29.csv
Generated 07001_HEALTH_2026-05-06_19-14-29.json
Waiting for next cycle...
Generated 07001_MONITORING_2026-05-06_19-15-29.csv
Generated 07001_WIFI_2026-05-06_19-15-29.csv
Generated 07001_HEALTH_2026-05-06_19-15-29.json
Waiting for next cycle...
Generated 07001_MONITORING_2026-05-06_19-16-29.csv
Generated 07001_WIFI_2026-05-06_19-16-29.csv
Generated 07001_HEALTH_2026-05-06_19-16-29.json
Waiting for next cycle...
Generated 07001_MONITORING_2026-05-06_19-17-29.csv
Generated 07001_WIFI_2026-05-06_19-17-29.csv
Generated 07001_HEALTH_2026-05-06_19-17-29.json
Waiting for next cycle...
Generated 07001_MONITORING_2026-05-06_19-18-29.csv
Generated 07001_WIFI_2026-05-06_19-18-29.csv
Generated 07001_HEALTH_2026-05-06_19-18-29.json
Waiting for next cycle...
Generated 07001_MONITORING_2026-05-06_19-19-29.csv
Generated 07001_WIFI_2026-05-06_19-19-29.csv
Generated 07001_HEALTH_2026-05-06_19-19-29.json
Waiting for next cycle...
Generated 07001_MONITORING_2026-05-06_19-20-29.csv
Generated 07001_WIFI_2026-05-06_19-20-29.csv
Generated 07001_HEALTH_2026-05-06_19-20-29.json
Waiting for next cycle...
Generated 07001_MONITORING_2026-05-06_19-21-29.csv
Generated 07001_WIFI_2026-05-06_19-21-29.csv
Generated 07001_HEALTH_2026-05-06_19-21-29.json
Waiting for next cycle...
Generated 07001_MONITORING_2026-05-06_19-22-29.csv
Generated 07001_WIFI_2026-05-06_19-22-29.csv
Generated 07001_HEALTH_2026-05-06_19-22-29.json
Waiting for next cycle...
Generated 07001_MONITORING_2026-05-06_19-23-29.csv
Generated 07001_WIFI_2026-05-06_19-23-29.csv
Generated 07001_HEALTH_2026-05-06_19-23-29.json
Waiting for next cycle...
Generated 07001_MONITORING_2026-05-06_19-24-29.csv
Generated 07001_WIFI_2026-05-06_19-24-29.csv
Generated 07001_HEALTH_2026-05-06_19-24-29.json
Waiting for next cycle...
Generated 07001_MONITORING_2026-05-06_19-25-29.csv
Generated 07001_WIFI_2026-05-06_19-25-29.csv
Generated 07001_HEALTH_2026-05-06_19-25-29.json
Waiting for next cycle...
Generated 07001_MONITORING_2026-05-06_19-26-29.csv
Generated 07001_WIFI_2026-05-06_19-26-29.csv
Generated 07001_HEALTH_2026-05-06_19-26-29.json
Waiting for next cycle...
Generated 07001_MONITORING_2026-05-06_19-27-29.csv
Generated 07001_WIFI_2026-05-06_19-27-29.csv
Generated 07001_HEALTH_2026-05-06_19-27-29.json
Waiting for next cycle...
Generated 07001_MONITORING_2026-05-06_19-28-29.csv
Generated 07001_WIFI_2026-05-06_19-28-29.csv
Generated 07001_HEALTH_2026-05-06_19-28-29.json
Waiting for next cycle...
Generated 07001_MONITORING_2026-05-06_19-29-29.csv
Generated 07001_WIFI_2026-05-06_19-29-29.csv
Generated 07001_HEALTH_2026-05-06_19-29-29.json
Waiting for next cycle...
Generated 07001_MONITORING_2026-05-06_19-30-29.csv
Generated 07001_WIFI_2026-05-06_19-30-29.csv
Generated 07001_HEALTH_2026-05-06_19-30-29.json
Waiting for next cycle...
Generated 07001_MONITORING_2026-05-06_19-31-29.csv
Generated 07001_WIFI_2026-05-06_19-31-29.csv
Generated 07001_HEALTH_2026-05-06_19-31-29.json
Waiting for next cycle...
Generated 07001_MONITORING_2026-05-06_19-32-29.csv
Generated 07001_WIFI_2026-05-06_19-32-29.csv
Generated 07001_HEALTH_2026-05-06_19-32-29.json
Waiting for next cycle...
Generated 07001_MONITORING_2026-05-06_19-33-29.csv
Generated 07001_WIFI_2026-05-06_19-33-29.csv
Generated 07001_HEALTH_2026-05-06_19-33-29.json
Waiting for next cycle...
Generated 07001_MONITORING_2026-05-06_19-34-29.csv
Generated 07001_WIFI_2026-05-06_19-34-29.csv
Generated 07001_HEALTH_2026-05-06_19-34-29.json
Waiting for next cycle...
Generated 07001_MONITORING_2026-05-06_19-35-29.csv
Generated 07001_WIFI_2026-05-06_19-35-29.csv
Generated 07001_HEALTH_2026-05-06_19-35-29.json
Waiting for next cycle...
Generated 07001_MONITORING_2026-05-06_19-36-29.csv
Generated 07001_WIFI_2026-05-06_19-36-29.csv
Generated 07001_HEALTH_2026-05-06_19-36-29.json
Waiting for next cycle...
Generated 07001_MONITORING_2026-05-06_19-37-29.csv
Generated 07001_WIFI_2026-05-06_19-37-29.csv
Generated 07001_HEALTH_2026-05-06_19-37-29.json
Waiting for next cycle...
Generated 07001_MONITORING_2026-05-06_19-38-29.csv
Generated 07001_WIFI_2026-05-06_19-38-29.csv
Generated 07001_HEALTH_2026-05-06_19-38-29.json
Waiting for next cycle...
Generated 07001_MONITORING_2026-05-06_19-39-29.csv
Generated 07001_WIFI_2026-05-06_19-39-29.csv
Generated 07001_HEALTH_2026-05-06_19-39-29.json
Waiting for next cycle...
Generated 07001_MONITORING_2026-05-06_19-40-29.csv
Generated 07001_WIFI_2026-05-06_19-40-29.csv
Generated 07001_HEALTH_2026-05-06_19-40-29.json
Waiting for next cycle...
Generated 07001_MONITORING_2026-05-06_19-41-29.csv
Generated 07001_WIFI_2026-05-06_19-41-29.csv
Generated 07001_HEALTH_2026-05-06_19-41-29.json
Waiting for next cycle...
Generated 07001_MONITORING_2026-05-06_19-42-29.csv
Generated 07001_WIFI_2026-05-06_19-42-29.csv
Generated 07001_HEALTH_2026-05-06_19-42-29.json
Waiting for next cycle...
Generated 07001_MONITORING_2026-05-06_19-43-29.csv
Generated 07001_WIFI_2026-05-06_19-43-29.csv
Generated 07001_HEALTH_2026-05-06_19-43-29.json
Waiting for next cycle...
Generated 07001_MONITORING_2026-05-06_19-44-29.csv
Generated 07001_WIFI_2026-05-06_19-44-29.csv
Generated 07001_HEALTH_2026-05-06_19-44-29.json
Waiting for next cycle...
Generated 07001_MONITORING_2026-05-06_19-45-29.csv
Generated 07001_WIFI_2026-05-06_19-45-29.csv
Generated 07001_HEALTH_2026-05-06_19-45-29.json
Waiting for next cycle...
Generated 07001_MONITORING_2026-05-06_19-46-29.csv
Generated 07001_WIFI_2026-05-06_19-46-29.csv
Generated 07001_HEALTH_2026-05-06_19-46-29.json
Waiting for next cycle...
Generated 07001_MONITORING_2026-05-06_19-47-29.csv
Generated 07001_WIFI_2026-05-06_19-47-29.csv
Generated 07001_HEALTH_2026-05-06_19-47-29.json
Waiting for next cycle...
Generated 07001_MONITORING_2026-05-06_19-48-29.csv
Generated 07001_WIFI_2026-05-06_19-48-29.csv
Generated 07001_HEALTH_2026-05-06_19-48-29.json
Waiting for next cycle...
Generated 07001_MONITORING_2026-05-06_19-49-29.csv
Generated 07001_WIFI_2026-05-06_19-49-29.csv
Generated 07001_HEALTH_2026-05-06_19-49-29.json
Waiting for next cycle...
Generated 07001_MONITORING_2026-05-06_19-50-29.csv
Generated 07001_WIFI_2026-05-06_19-50-29.csv
Generated 07001_HEALTH_2026-05-06_19-50-29.json
Waiting for next cycle...
Generated 07001_MONITORING_2026-05-06_19-51-29.csv
Generated 07001_WIFI_2026-05-06_19-51-29.csv
Generated 07001_HEALTH_2026-05-06_19-51-29.json
Waiting for next cycle...
Generated 07001_MONITORING_2026-05-06_19-52-29.csv
Generated 07001_WIFI_2026-05-06_19-52-29.csv
Generated 07001_HEALTH_2026-05-06_19-52-29.json
Waiting for next cycle...
Generated 07001_MONITORING_2026-05-06_19-53-29.csv
Generated 07001_WIFI_2026-05-06_19-53-29.csv
Generated 07001_HEALTH_2026-05-06_19-53-29.json
Waiting for next cycle...
Generated 07001_MONITORING_2026-05-06_19-54-29.csv
Generated 07001_WIFI_2026-05-06_19-54-29.csv
Generated 07001_HEALTH_2026-05-06_19-54-29.json
Waiting for next cycle...
Generated 07001_MONITORING_2026-05-06_19-55-29.csv
Generated 07001_WIFI_2026-05-06_19-55-29.csv
Generated 07001_HEALTH_2026-05-06_19-55-29.json
Waiting for next cycle...
Generated 07001_MONITORING_2026-05-06_19-56-29.csv
Generated 07001_WIFI_2026-05-06_19-56-29.csv
Generated 07001_HEALTH_2026-05-06_19-56-29.json
Waiting for next cycle...
Generated 07001_MONITORING_2026-05-06_19-57-29.csv
Generated 07001_WIFI_2026-05-06_19-57-29.csv
Generated 07001_HEALTH_2026-05-06_19-57-29.json
Waiting for next cycle...
Generated 07001_MONITORING_2026-05-06_19-58-29.csv
Generated 07001_WIFI_2026-05-06_19-58-29.csv
Generated 07001_HEALTH_2026-05-06_19-58-29.json
Waiting for next cycle...
Generated 07001_MONITORING_2026-05-06_19-59-29.csv
Generated 07001_WIFI_2026-05-06_19-59-29.csv
Generated 07001_HEALTH_2026-05-06_19-59-29.json
Waiting for next cycle...
Generated 07001_MONITORING_2026-05-06_20-00-29.csv
Generated 07001_WIFI_2026-05-06_20-00-29.csv
Generated 07001_HEALTH_2026-05-06_20-00-29.json
Waiting for next cycle...
Generated 07001_MONITORING_2026-05-06_20-01-29.csv
Generated 07001_WIFI_2026-05-06_20-01-29.csv
Generated 07001_HEALTH_2026-05-06_20-01-29.json
Waiting for next cycle...
Generated 07001_MONITORING_2026-05-06_20-02-29.csv
Generated 07001_WIFI_2026-05-06_20-02-29.csv
Generated 07001_HEALTH_2026-05-06_20-02-29.json
Waiting for next cycle...
Generated 07001_MONITORING_2026-05-06_20-03-29.csv
Generated 07001_WIFI_2026-05-06_20-03-29.csv
Generated 07001_HEALTH_2026-05-06_20-03-29.json
Waiting for next cycle...
Generated 07001_MONITORING_2026-05-06_20-04-29.csv
Generated 07001_WIFI_2026-05-06_20-04-29.csv
Generated 07001_HEALTH_2026-05-06_20-04-29.json
Waiting for next cycle...
Generated 07001_MONITORING_2026-05-06_20-05-29.csv
Generated 07001_WIFI_2026-05-06_20-05-29.csv
Generated 07001_HEALTH_2026-05-06_20-05-29.json
Waiting for next cycle...
Generated 07001_MONITORING_2026-05-06_20-06-29.csv
Generated 07001_WIFI_2026-05-06_20-06-29.csv
Generated 07001_HEALTH_2026-05-06_20-06-29.json
Waiting for next cycle...
Generated 07001_MONITORING_2026-05-06_20-07-29.csv
Generated 07001_WIFI_2026-05-06_20-07-29.csv
Generated 07001_HEALTH_2026-05-06_20-07-29.json
Waiting for next cycle...
Generated 07001_MONITORING_2026-05-06_20-08-29.csv
Generated 07001_WIFI_2026-05-06_20-08-29.csv
Generated 07001_HEALTH_2026-05-06_20-08-29.json
Waiting for next cycle...
Generated 07001_MONITORING_2026-05-06_20-09-29.csv
Generated 07001_WIFI_2026-05-06_20-09-29.csv
Generated 07001_HEALTH_2026-05-06_20-09-29.json
Waiting for next cycle...
Generated 07001_MONITORING_2026-05-06_20-10-29.csv
Generated 07001_WIFI_2026-05-06_20-10-29.csv
Generated 07001_HEALTH_2026-05-06_20-10-29.json
Waiting for next cycle...
Generated 07001_MONITORING_2026-05-06_20-11-29.csv
Generated 07001_WIFI_2026-05-06_20-11-29.csv
Generated 07001_HEALTH_2026-05-06_20-11-29.json
Waiting for next cycle...
Generated 07001_MONITORING_2026-05-06_20-12-29.csv
Generated 07001_WIFI_2026-05-06_20-12-29.csv
Generated 07001_HEALTH_2026-05-06_20-12-29.json
Waiting for next cycle...
Generated 07001_MONITORING_2026-05-06_20-13-29.csv
Generated 07001_WIFI_2026-05-06_20-13-29.csv
Generated 07001_HEALTH_2026-05-06_20-13-29.json
Waiting for next cycle...
Generated 07001_MONITORING_2026-05-06_20-14-29.csv
Generated 07001_WIFI_2026-05-06_20-14-29.csv
Generated 07001_HEALTH_2026-05-06_20-14-29.json
Waiting for next cycle...
Generated 07001_MONITORING_2026-05-06_20-15-29.csv
Generated 07001_WIFI_2026-05-06_20-15-29.csv
Generated 07001_HEALTH_2026-05-06_20-15-29.json
Waiting for next cycle...
Generated 07001_MONITORING_2026-05-06_20-16-29.csv
Generated 07001_WIFI_2026-05-06_20-16-29.csv
Generated 07001_HEALTH_2026-05-06_20-16-29.json
Waiting for next cycle...
Generated 07001_MONITORING_2026-05-06_20-17-29.csv
Generated 07001_WIFI_2026-05-06_20-17-29.csv
Generated 07001_HEALTH_2026-05-06_20-17-29.json
Waiting for next cycle...
Generated 07001_MONITORING_2026-05-06_20-18-29.csv
Generated 07001_WIFI_2026-05-06_20-18-29.csv
Generated 07001_HEALTH_2026-05-06_20-18-29.json
Waiting for next cycle...
Generated 07001_MONITORING_2026-05-06_20-19-29.csv
Generated 07001_WIFI_2026-05-06_20-19-29.csv
Generated 07001_HEALTH_2026-05-06_20-19-29.json
Waiting for next cycle...
Generated 07001_MONITORING_2026-05-06_20-20-29.csv
Generated 07001_WIFI_2026-05-06_20-20-29.csv
Generated 07001_HEALTH_2026-05-06_20-20-29.json
Waiting for next cycle...
Generated 07001_MONITORING_2026-05-06_20-21-29.csv
Generated 07001_WIFI_2026-05-06_20-21-29.csv
Generated 07001_HEALTH_2026-05-06_20-21-29.json
Waiting for next cycle...
Generated 07001_MONITORING_2026-05-06_20-22-29.csv
Generated 07001_WIFI_2026-05-06_20-22-29.csv
Generated 07001_HEALTH_2026-05-06_20-22-29.json
Waiting for next cycle...
Generated 07001_MONITORING_2026-05-06_20-23-29.csv
Generated 07001_WIFI_2026-05-06_20-23-29.csv
Generated 07001_HEALTH_2026-05-06_20-23-29.json
Waiting for next cycle...
Generated 07001_MONITORING_2026-05-06_20-24-29.csv
Generated 07001_WIFI_2026-05-06_20-24-29.csv
Generated 07001_HEALTH_2026-05-06_20-24-29.json
Waiting for next cycle...
Generated 07001_MONITORING_2026-05-06_20-25-29.csv
Generated 07001_WIFI_2026-05-06_20-25-29.csv
Generated 07001_HEALTH_2026-05-06_20-25-29.json
Waiting for next cycle...
Generated 07001_MONITORING_2026-05-06_20-26-29.csv
Generated 07001_WIFI_2026-05-06_20-26-29.csv
Generated 07001_HEALTH_2026-05-06_20-26-29.json
Waiting for next cycle...
Generated 07001_MONITORING_2026-05-06_20-27-29.csv
Generated 07001_WIFI_2026-05-06_20-27-29.csv
Generated 07001_HEALTH_2026-05-06_20-27-29.json
Waiting for next cycle...
Generated 07001_MONITORING_2026-05-06_20-28-29.csv
Generated 07001_WIFI_2026-05-06_20-28-29.csv
Generated 07001_HEALTH_2026-05-06_20-28-29.json
Waiting for next cycle...
Generated 07001_MONITORING_2026-05-06_20-29-29.csv
Generated 07001_WIFI_2026-05-06_20-29-29.csv
Generated 07001_HEALTH_2026-05-06_20-29-29.json
Waiting for next cycle...
Generated 07001_MONITORING_2026-05-06_20-30-29.csv
Generated 07001_WIFI_2026-05-06_20-30-29.csv
Generated 07001_HEALTH_2026-05-06_20-30-29.json
Waiting for next cycle...
Generated 07001_MONITORING_2026-05-06_20-31-29.csv
Generated 07001_WIFI_2026-05-06_20-31-29.csv
Generated 07001_HEALTH_2026-05-06_20-31-29.json
Waiting for next cycle...
Generated 07001_MONITORING_2026-05-06_20-32-29.csv
Generated 07001_WIFI_2026-05-06_20-32-29.csv
Generated 07001_HEALTH_2026-05-06_20-32-29.json
Waiting for next cycle...
Generated 07001_MONITORING_2026-05-06_20-33-29.csv
Generated 07001_WIFI_2026-05-06_20-33-29.csv
Generated 07001_HEALTH_2026-05-06_20-33-29.json
Waiting for next cycle...
Generated 07001_MONITORING_2026-05-06_20-34-29.csv
Generated 07001_WIFI_2026-05-06_20-34-29.csv
Generated 07001_HEALTH_2026-05-06_20-34-29.json
Waiting for next cycle...
Generated 07001_MONITORING_2026-05-06_20-35-29.csv
Generated 07001_WIFI_2026-05-06_20-35-29.csv
Generated 07001_HEALTH_2026-05-06_20-35-29.json
Waiting for next cycle...
Generated 07001_MONITORING_2026-05-06_20-36-29.csv
Generated 07001_WIFI_2026-05-06_20-36-29.csv
Generated 07001_HEALTH_2026-05-06_20-36-30.json
Waiting for next cycle...
Generated 07001_MONITORING_2026-05-06_20-37-30.csv
Generated 07001_WIFI_2026-05-06_20-37-30.csv
Generated 07001_HEALTH_2026-05-06_20-37-30.json
Waiting for next cycle...
Generated 07001_MONITORING_2026-05-06_20-38-30.csv
Generated 07001_WIFI_2026-05-06_20-38-30.csv
Generated 07001_HEALTH_2026-05-06_20-38-30.json
Waiting for next cycle...
Generated 07001_MONITORING_2026-05-06_20-39-30.csv
Generated 07001_WIFI_2026-05-06_20-39-30.csv
Generated 07001_HEALTH_2026-05-06_20-39-30.json
Waiting for next cycle...
Generated 07001_MONITORING_2026-05-06_20-40-30.csv
Generated 07001_WIFI_2026-05-06_20-40-30.csv
Generated 07001_HEALTH_2026-05-06_20-40-30.json
Waiting for next cycle...
Generated 07001_MONITORING_2026-05-06_20-41-30.csv
Generated 07001_WIFI_2026-05-06_20-41-30.csv
Generated 07001_HEALTH_2026-05-06_20-41-30.json
Waiting for next cycle...
Generated 07001_MONITORING_2026-05-06_20-42-30.csv
Generated 07001_WIFI_2026-05-06_20-42-30.csv
Generated 07001_HEALTH_2026-05-06_20-42-30.json
Waiting for next cycle...
Generated 07001_MONITORING_2026-05-06_20-43-30.csv
Generated 07001_WIFI_2026-05-06_20-43-30.csv
Generated 07001_HEALTH_2026-05-06_20-43-30.json
Waiting for next cycle...
Generated 07001_MONITORING_2026-05-06_20-44-30.csv
Generated 07001_WIFI_2026-05-06_20-44-30.csv
Generated 07001_HEALTH_2026-05-06_20-44-30.json
Waiting for next cycle...
Generated 07001_MONITORING_2026-05-06_20-45-30.csv
Generated 07001_WIFI_2026-05-06_20-45-30.csv
Generated 07001_HEALTH_2026-05-06_20-45-30.json
Waiting for next cycle...
Generated 07001_MONITORING_2026-05-06_20-46-30.csv
Generated 07001_WIFI_2026-05-06_20-46-30.csv
Generated 07001_HEALTH_2026-05-06_20-46-30.json
Waiting for next cycle...
Generated 07001_MONITORING_2026-05-06_20-47-30.csv
Generated 07001_WIFI_2026-05-06_20-47-30.csv
Generated 07001_HEALTH_2026-05-06_20-47-30.json
Waiting for next cycle...
Generated 07001_MONITORING_2026-05-06_20-48-30.csv
Generated 07001_WIFI_2026-05-06_20-48-30.csv
Generated 07001_HEALTH_2026-05-06_20-48-30.json
Waiting for next cycle...
Generated 07001_MONITORING_2026-05-06_20-49-30.csv
Generated 07001_WIFI_2026-05-06_20-49-30.csv
Generated 07001_HEALTH_2026-05-06_20-49-30.json
Waiting for next cycle...
Generated 07001_MONITORING_2026-05-06_20-50-30.csv
Generated 07001_WIFI_2026-05-06_20-50-30.csv
Generated 07001_HEALTH_2026-05-06_20-50-30.json
Waiting for next cycle...
Generated 07001_MONITORING_2026-05-06_20-51-30.csv
Generated 07001_WIFI_2026-05-06_20-51-30.csv
Generated 07001_HEALTH_2026-05-06_20-51-30.json
Waiting for next cycle...
Generated 07001_MONITORING_2026-05-06_20-52-30.csv
Generated 07001_WIFI_2026-05-06_20-52-30.csv
Generated 07001_HEALTH_2026-05-06_20-52-30.json
Waiting for next cycle...
Generated 07001_MONITORING_2026-05-06_20-53-30.csv
Generated 07001_WIFI_2026-05-06_20-53-30.csv
Generated 07001_HEALTH_2026-05-06_20-53-30.json
Waiting for next cycle...
Generated 07001_MONITORING_2026-05-06_20-54-30.csv
Generated 07001_WIFI_2026-05-06_20-54-30.csv
Generated 07001_HEALTH_2026-05-06_20-54-30.json
Waiting for next cycle...
Generated 07001_MONITORING_2026-05-06_20-55-30.csv
Generated 07001_WIFI_2026-05-06_20-55-30.csv
Generated 07001_HEALTH_2026-05-06_20-55-30.json
Waiting for next cycle...
Generated 07001_MONITORING_2026-05-06_20-56-30.csv
Generated 07001_WIFI_2026-05-06_20-56-30.csv
Generated 07001_HEALTH_2026-05-06_20-56-30.json
Waiting for next cycle...
Generated 07001_MONITORING_2026-05-06_20-57-30.csv
Generated 07001_WIFI_2026-05-06_20-57-30.csv
Generated 07001_HEALTH_2026-05-06_20-57-30.json
Waiting for next cycle...
Generated 07001_MONITORING_2026-05-06_20-58-30.csv
Generated 07001_WIFI_2026-05-06_20-58-30.csv
Generated 07001_HEALTH_2026-05-06_20-58-30.json
Waiting for next cycle...
Generated 07001_MONITORING_2026-05-06_20-59-30.csv
Generated 07001_WIFI_2026-05-06_20-59-30.csv
Generated 07001_HEALTH_2026-05-06_20-59-30.json
Waiting for next cycle...
Generated 07001_MONITORING_2026-05-06_21-00-30.csv
Generated 07001_WIFI_2026-05-06_21-00-30.csv
Generated 07001_HEALTH_2026-05-06_21-00-30.json
Waiting for next cycle...
Generated 07001_MONITORING_2026-05-06_21-01-30.csv
Generated 07001_WIFI_2026-05-06_21-01-30.csv
Generated 07001_HEALTH_2026-05-06_21-01-30.json
Waiting for next cycle...
Generated 07001_MONITORING_2026-05-06_21-02-30.csv
Generated 07001_WIFI_2026-05-06_21-02-30.csv
Generated 07001_HEALTH_2026-05-06_21-02-30.json
Waiting for next cycle...
Generated 07001_MONITORING_2026-05-06_21-03-30.csv
Generated 07001_WIFI_2026-05-06_21-03-30.csv
Generated 07001_HEALTH_2026-05-06_21-03-30.json
Waiting for next cycle...
Generated 07001_MONITORING_2026-05-06_21-04-30.csv
Generated 07001_WIFI_2026-05-06_21-04-30.csv
Generated 07001_HEALTH_2026-05-06_21-04-30.json
Waiting for next cycle...
Generated 07001_MONITORING_2026-05-06_21-05-30.csv
Generated 07001_WIFI_2026-05-06_21-05-30.csv
Generated 07001_HEALTH_2026-05-06_21-05-30.json
Waiting for next cycle...
Generated 07001_MONITORING_2026-05-06_21-06-30.csv
Generated 07001_WIFI_2026-05-06_21-06-30.csv
Generated 07001_HEALTH_2026-05-06_21-06-30.json
Waiting for next cycle...
Generated 07001_MONITORING_2026-05-06_21-07-30.csv
Generated 07001_WIFI_2026-05-06_21-07-30.csv
Generated 07001_HEALTH_2026-05-06_21-07-30.json
Waiting for next cycle...
Generated 07001_MONITORING_2026-05-06_21-08-31.csv
Generated 07001_WIFI_2026-05-06_21-08-31.csv
Generated 07001_HEALTH_2026-05-06_21-08-31.json
Waiting for next cycle...
Generated 07001_MONITORING_2026-05-06_21-09-31.csv
Generated 07001_WIFI_2026-05-06_21-09-31.csv
Generated 07001_HEALTH_2026-05-06_21-09-31.json
Waiting for next cycle...
Generated 07001_MONITORING_2026-05-06_21-10-32.csv
Generated 07001_WIFI_2026-05-06_21-10-32.csv
Generated 07001_HEALTH_2026-05-06_21-10-32.json
Waiting for next cycle...
Generated 07001_MONITORING_2026-05-06_21-11-32.csv
Generated 07001_WIFI_2026-05-06_21-11-32.csv
Generated 07001_HEALTH_2026-05-06_21-11-32.json
Waiting for next cycle...
Generated 07001_MONITORING_2026-05-06_21-12-33.csv
Generated 07001_WIFI_2026-05-06_21-12-33.csv
Generated 07001_HEALTH_2026-05-06_21-12-33.json
Waiting for next cycle...
Generated 07001_MONITORING_2026-05-06_21-13-33.csv
Generated 07001_WIFI_2026-05-06_21-13-33.csv
Generated 07001_HEALTH_2026-05-06_21-13-33.json
Waiting for next cycle...
Generated 07001_MONITORING_2026-05-06_21-14-33.csv
Generated 07001_WIFI_2026-05-06_21-14-33.csv
Generated 07001_HEALTH_2026-05-06_21-14-33.json
Waiting for next cycle...
Generated 07001_MONITORING_2026-05-06_21-15-33.csv
Generated 07001_WIFI_2026-05-06_21-15-33.csv
Generated 07001_HEALTH_2026-05-06_21-15-33.json
Waiting for next cycle...
Generated 07001_MONITORING_2026-05-06_21-16-33.csv
Generated 07001_WIFI_2026-05-06_21-16-33.csv
Generated 07001_HEALTH_2026-05-06_21-16-33.json
Waiting for next cycle...
Generated 07001_MONITORING_2026-05-06_21-17-34.csv
Generated 07001_WIFI_2026-05-06_21-17-34.csv
Generated 07001_HEALTH_2026-05-06_21-17-34.json
Waiting for next cycle...
Generated 07001_MONITORING_2026-05-06_21-18-34.csv
Generated 07001_WIFI_2026-05-06_21-18-34.csv
Generated 07001_HEALTH_2026-05-06_21-18-34.json
Waiting for next cycle...
Generated 07001_MONITORING_2026-05-06_21-19-34.csv
Generated 07001_WIFI_2026-05-06_21-19-34.csv
Generated 07001_HEALTH_2026-05-06_21-19-34.json
Waiting for next cycle...
Generated 07001_MONITORING_2026-05-06_21-20-34.csv
Generated 07001_WIFI_2026-05-06_21-20-34.csv
Generated 07001_HEALTH_2026-05-06_21-20-34.json
Waiting for next cycle...
Generated 07001_MONITORING_2026-05-06_21-21-34.csv
Generated 07001_WIFI_2026-05-06_21-21-34.csv
Generated 07001_HEALTH_2026-05-06_21-21-34.json
Waiting for next cycle...
Generated 07001_MONITORING_2026-05-06_21-22-35.csv
Generated 07001_WIFI_2026-05-06_21-22-35.csv
Generated 07001_HEALTH_2026-05-06_21-22-35.json
Waiting for next cycle...
^C